\BOOKMARK [1][-]{section.1}{\376\377\133\236\232\214\121\205\133\271}{}% 1
\BOOKMARK [2][-]{subsection.1.1}{\376\377\136\372\172\313\123\357\142\147\210\114\166\204\147\054\127\060\215\050\221\317\225\350\171\201}{section.1}% 2
\BOOKMARK [2][-]{subsection.1.2}{\376\377\213\251\000\040\000M\000a\000k\000e\000\040\123\352\221\315\136\372\167\037\153\143\123\327\137\161\124\315\166\204\116\247\162\151}{section.1}% 3
\BOOKMARK [2][-]{subsection.1.3}{\376\377\142\212\147\054\127\060\000\040\000A\000P\000I\000\040\145\160\143\156\217\154\143\142\116\072\123\357\213\373\142\245\124\112}{section.1}% 4
\BOOKMARK [2][-]{subsection.1.4}{\376\377\117\356\131\015\136\166\116\244\116\330\116\000\116\052\226\114\165\037\166\204\134\017\127\213\135\345\121\167\116\323\136\223}{section.1}% 5
\BOOKMARK [1][-]{section.2}{\376\377\213\376\124\016\176\303\116\140}{}% 6
\BOOKMARK [2][-]{subsection.2.1}{\376\377\116\343\170\001\215\050\221\317}{section.2}% 7
\BOOKMARK [3][-]{subsubsection.2.1.1}{\376\377\127\050\000\040\000p\000y\000p\000r\000o\000j\000e\000c\000t\000.\000t\000o\000m\000l\000\040\116\055\221\115\177\156\000\040\000r\000u\000f\000f\000\040\211\304\122\031}{subsection.2.1}% 8
\BOOKMARK [3][-]{subsubsection.2.1.2}{\376\377\165\050\000\040\000p\000y\000t\000e\000s\000t\000\040\123\302\145\160\123\026\155\113\213\325\121\317\134\021\221\315\131\015}{subsection.2.1}% 9
\BOOKMARK [3][-]{subsubsection.2.1.3}{\376\377\165\050\000\040\000p\000y\000t\000e\000s\000t\000.\000r\000a\000i\000s\000e\000s\000\040\145\255\212\000\137\002\136\070\116\016\220\000\121\372\170\001}{subsection.2.1}% 10
\BOOKMARK [2][-]{subsection.2.2}{\376\377\121\103\177\026\172\013\377\032\147\204\136\372\174\373\176\337}{section.2}% 11
\BOOKMARK [3][-]{subsubsection.2.2.1}{\376\377\000G\000N\000U\000\040\000M\000a\000k\000e\000\040\166\204\201\352\122\250\123\330\221\317}{subsection.2.2}% 12
\BOOKMARK [3][-]{subsubsection.2.2.2}{\376\377\165\050\000\040\000.\000P\000H\000O\000N\000Y\000\040\130\360\146\016\117\052\166\356\150\007}{subsection.2.2}% 13
\BOOKMARK [2][-]{subsection.2.3}{\376\377\131\047\147\102\160\351\377\032\000A\000P\000I\060\001\000j\000q\000\040\116\016\000\040\000M\000a\000r\000k\000d\000o\000w\000n}{section.2}% 14
\BOOKMARK [3][-]{subsubsection.2.3.1}{\376\377\000c\000u\000r\000l\000\040\166\204\136\070\165\050\220\011\230\171}{subsection.2.3}% 15
\BOOKMARK [3][-]{subsubsection.2.3.2}{\376\377\165\050\000\040\000j\000q\000\040\173\133\220\011\116\016\143\222\136\217\000\040\000J\000S\000O\000N}{subsection.2.3}% 16
\BOOKMARK [3][-]{subsubsection.2.3.3}{\376\377\165\050\000\040\000j\000q\000\040\000-\000r\000\040\142\374\143\245\000\040\000M\000a\000r\000k\000d\000o\000w\000n\000\040\210\150\150\074}{subsection.2.3}% 17
\BOOKMARK [2][-]{subsection.2.4}{\376\377\000P\000y\000t\000h\000o\000n\000\040\116\016\000\040\000C\000L\000I\000\040\176\246\133\232}{section.2}% 18
\BOOKMARK [3][-]{subsubsection.2.4.1}{\376\377\165\050\000\040\000a\000r\000g\000p\000a\000r\000s\000e\000\040\133\232\116\111\137\305\220\011\123\302\145\160}{subsection.2.4}% 19
\BOOKMARK [3][-]{subsubsection.2.4.2}{\376\377\213\241\173\227\145\207\116\366\166\204\000\040\000S\000H\000A\000-\0002\0005\0006\000\040\150\041\232\214\124\214}{subsection.2.4}% 20
\BOOKMARK [1][-]{section.3}{\376\377\141\037\140\237}{}% 21
