\BOOKMARK [1][-]{section.1}{\376\377\133\236\232\214\121\205\133\271}{}% 1
\BOOKMARK [2][-]{subsection.1.1}{\376\377\143\247\122\066\116\000\116\052\123\357\156\005\164\006\166\204\124\016\123\360\116\373\122\241}{section.1}% 2
\BOOKMARK [2][-]{subsection.1.2}{\376\377\213\355\116\111\221\315\147\204\116\016\147\054\127\060\137\000\123\321\123\315\231\210}{section.1}% 3
\BOOKMARK [2][-]{subsection.1.3}{\376\377\165\050\214\003\213\325\126\150\133\232\117\115\137\122\136\166\143\222\136\217\177\072\226\167}{section.1}% 4
\BOOKMARK [2][-]{subsection.1.4}{\376\377\121\110\155\113\221\317\377\014\121\215\117\030\123\026\141\142\220\037\213\315\230\221\172\013\136\217}{section.1}% 5
\BOOKMARK [1][-]{section.2}{\376\377\213\376\124\016\176\303\116\140}{}% 6
\BOOKMARK [2][-]{subsection.2.1}{\376\377\124\175\116\344\210\114\163\257\130\203}{section.2}% 7
\BOOKMARK [3][-]{subsubsection.2.1.1}{\376\377\117\177\165\050\000\040\000j\000o\000b\000s\060\001\000b\000g\000\040\116\016\000\040\000f\000g\000\040\173\241\164\006\124\016\123\360\116\373\122\241}{subsection.2.1}% 8
\BOOKMARK [3][-]{subsubsection.2.1.2}{\376\377\117\177\165\050\000\040\000t\000r\000a\000p\000\040\143\125\203\267\117\341\123\367\217\333\210\114\156\005\164\006}{subsection.2.1}% 9
\BOOKMARK [3][-]{subsubsection.2.1.3}{\376\377\117\177\165\050\000\040\000n\000o\000h\000u\000p\000\040\213\251\116\373\122\241\201\061\171\273\176\310\172\357\176\347\176\355\217\320\210\114}{subsection.2.1}% 10
\BOOKMARK [2][-]{subsection.2.2}{\376\377\137\000\123\321\163\257\130\203\116\016\135\345\121\167}{section.2}% 11
\BOOKMARK [3][-]{subsubsection.2.2.1}{\376\377\165\050\000\040\000v\000e\000n\000v\000\040\122\033\136\372\226\224\171\273\166\204\000\040\000P\000y\000t\000h\000o\000n\000\040\163\257\130\203}{subsection.2.2}% 12
\BOOKMARK [3][-]{subsubsection.2.2.2}{\376\377\165\050\000\040\000p\000i\000p\000\040\173\241\164\006\117\235\215\126}{subsection.2.2}% 13
\BOOKMARK [3][-]{subsubsection.2.2.3}{\376\377\165\050\000\040\000r\000u\000f\000f\000\040\176\337\116\000\230\316\150\074\116\016\227\131\140\001\150\300\147\345}{subsection.2.2}% 14
\BOOKMARK [2][-]{subsection.2.3}{\376\377\000D\000e\000b\000u\000g\000g\000i\000n\000g}{section.2}% 15
\BOOKMARK [3][-]{subsubsection.2.3.1}{\376\377\000p\000d\000b\000\040\136\070\165\050\214\003\213\325\124\175\116\344}{subsection.2.3}% 16
\BOOKMARK [3][-]{subsubsection.2.3.2}{\376\377\165\050\000\040\000l\000o\000g\000g\000i\000n\000g\000\040\122\006\176\247\145\345\137\327\146\377\116\343\000\040\000p\000r\000i\000n\000t}{subsection.2.3}% 17
\BOOKMARK [2][-]{subsection.2.4}{\376\377\000P\000r\000o\000f\000i\000l\000i\000n\000g}{section.2}% 18
\BOOKMARK [3][-]{subsubsection.2.4.1}{\376\377\165\050\000\040\000t\000i\000m\000e\000i\000t\000\040\174\276\170\156\155\113\221\317\134\017\153\265\116\343\170\001}{subsection.2.4}% 19
\BOOKMARK [3][-]{subsubsection.2.4.2}{\376\377\165\050\000\040\000c\000P\000r\000o\000f\000i\000l\000e\000\040\133\232\117\115\121\375\145\160\176\247\160\355\160\271}{subsection.2.4}% 20
\BOOKMARK [1][-]{section.3}{\376\377\141\037\140\237}{}% 21
