\BOOKMARK [1][-]{section.1}{\376\377\133\236\232\214\121\205\133\271}{}% 1
\BOOKMARK [2][-]{subsection.1.1}{\376\377\124\053\172\172\150\074\145\207\116\366\124\015\166\204\142\171\221\317\145\164\164\006}{section.1}% 2
\BOOKMARK [2][-]{subsection.1.2}{\376\377\226\217\147\072\213\277\225\356\145\345\137\327\176\337\213\241}{section.1}% 3
\BOOKMARK [2][-]{subsection.1.3}{\376\377\122\066\220\040\060\001\211\343\121\263\136\166\211\343\221\312\116\000\153\041\124\010\136\166\121\262\172\201}{section.1}% 4
\BOOKMARK [2][-]{subsection.1.4}{\376\377\117\356\131\015\136\166\147\204\136\372\116\000\230\165\142\200\147\057\213\364\146\016}{section.1}% 5
\BOOKMARK [1][-]{section.2}{\376\377\213\376\124\016\176\303\116\140}{}% 6
\BOOKMARK [2][-]{subsection.2.1}{\376\377\000S\000h\000e\000l\000l}{section.2}% 7
\BOOKMARK [3][-]{subsubsection.2.1.1}{\376\377\143\002\217\175\170\154\166\330\122\006\123\072}{subsection.2.1}% 8
\BOOKMARK [3][-]{subsubsection.2.1.2}{\376\377\173\046\123\367\000>\116\016\000>\000>\166\204\123\072\122\053}{subsection.2.1}% 9
\BOOKMARK [3][-]{subsubsection.2.1.3}{\376\377\000S\000h\000e\000l\000l\213\355\154\325\116\055\166\204\220\350\122\006\173\046\123\367}{subsection.2.1}% 10
\BOOKMARK [3][-]{subsubsection.2.1.4}{\376\377\000c\000h\000m\000o\000d\166\204\173\046\123\367\152\041\137\017}{subsection.2.1}% 11
\BOOKMARK [3][-]{subsubsection.2.1.5}{\376\377\173\241\220\123\116\016\000g\000r\000e\000p\221\115\124\010\133\236\163\260\137\353\220\037\147\345\142\176}{subsection.2.1}% 12
\BOOKMARK [2][-]{subsection.2.2}{\376\377\000G\000i\000t\166\370\121\163}{section.2}% 13
\BOOKMARK [3][-]{subsubsection.2.2.1}{\376\377\117\177\165\050\000S\000S\000H\133\306\224\245\173\200\123\026\143\250\220\001\153\145\232\244}{subsection.2.2}% 14
\BOOKMARK [3][-]{subsubsection.2.2.2}{\376\377\124\021\217\334\172\013\116\323\136\223\143\250\220\001\116\343\170\001}{subsection.2.2}% 15
\BOOKMARK [2][-]{subsection.2.3}{\376\377\000L\000a\000t\000e\000x}{section.2}% 16
\BOOKMARK [3][-]{subsubsection.2.3.1}{\376\377\145\207\150\143\176\323\147\204\143\247\122\066}{subsection.2.3}% 17
\BOOKMARK [3][-]{subsubsection.2.3.2}{\376\377\122\033\136\372\145\340\136\217\122\027\210\150\116\016\147\011\136\217\122\027\210\150}{subsection.2.3}% 18
\BOOKMARK [3][-]{subsubsection.2.3.3}{\376\377\143\322\121\145\126\376\162\107}{subsection.2.3}% 19
\BOOKMARK [1][-]{section.3}{\376\377\141\037\140\237}{}% 20
