\BOOKMARK [1][-]{section.1}{\376\377\133\236\232\214\121\205\133\271}{}% 1
\BOOKMARK [2][-]{subsection.1.1}{\376\377\116\316\156\220\170\001\147\204\136\372\136\166\127\050\136\162\121\300\163\257\130\203\133\211\210\305\000\040\000W\000h\000e\000e\000l}{section.1}% 2
\BOOKMARK [2][-]{subsection.1.2}{\376\377\213\251\177\026\172\013\146\172\200\375\117\123\217\333\121\145\123\357\232\214\213\301\166\204\117\356\131\015\137\252\163\257}{section.1}% 3
\BOOKMARK [2][-]{subsection.1.3}{\376\377\142\212\040\034\145\340\154\325\131\004\164\006\040\035\166\204\123\117\117\134\147\120\145\231\145\071\142\020\123\357\142\147\210\114\117\341\140\157}{section.1}% 4
\BOOKMARK [2][-]{subsection.1.4}{\376\377\117\356\131\015\116\000\116\052\123\357\131\015\163\260\166\204\176\277\140\047\126\336\137\122\213\255\176\303\137\252\163\257}{section.1}% 5
\BOOKMARK [1][-]{section.2}{\376\377\213\376\124\016\176\303\116\140}{}% 6
\BOOKMARK [2][-]{subsection.2.1}{\376\377\000P\000a\000c\000k\000a\000g\000i\000n\000g\000\040\000a\000n\000d\000\040\000S\000h\000i\000p\000p\000i\000n\000g\000\040\000C\000o\000d\000e}{section.2}% 7
\BOOKMARK [3][-]{subsubsection.2.1.1}{\376\377\165\050\000\040\000p\000i\000p\000\040\133\211\210\305\116\016\123\170\217\175\173\054\116\011\145\271\123\005}{subsection.2.1}% 8
\BOOKMARK [3][-]{subsubsection.2.1.2}{\376\377\165\050\000\040\000p\000y\000t\000h\000o\000n\000\040\000-\000m\000\040\000b\000u\000i\000l\000d\000\040\147\204\136\372\000\040\000w\000h\000e\000e\000l\000\040\116\016\000\040\000s\000d\000i\000s\000t}{subsection.2.1}% 9
\BOOKMARK [3][-]{subsubsection.2.1.3}{\376\377\116\316\147\054\127\060\000\040\000w\000h\000e\000e\000l\000\040\133\211\210\305\123\005}{subsection.2.1}% 10
\BOOKMARK [2][-]{subsection.2.2}{\376\377\146\172\200\375\117\123\177\026\172\013}{section.2}% 11
\BOOKMARK [3][-]{subsubsection.2.2.1}{\376\377\155\113\213\325\232\161\122\250\166\204\146\172\200\375\117\123\117\356\131\015\155\101\172\013}{subsection.2.2}% 12
\BOOKMARK [3][-]{subsubsection.2.2.2}{\376\377\165\050\000\040\000g\000i\000t\000\040\000d\000i\000f\000f\000\040\133\241\147\345\146\172\200\375\117\123\166\204\145\071\122\250}{subsection.2.2}% 13
\BOOKMARK [2][-]{subsection.2.3}{\376\377\116\015\153\142\116\216\116\343\170\001}{section.2}% 14
\BOOKMARK [3][-]{subsubsection.2.3.1}{\376\377\177\026\121\231\211\304\203\003\166\204\000\040\000G\000i\000t\000\040\143\320\116\244\117\341\140\157}{subsection.2.3}% 15
\BOOKMARK [3][-]{subsubsection.2.3.2}{\376\377\177\026\121\231\123\357\131\015\163\260\166\204\000\040\000I\000s\000s\000u\000e\000\040\142\245\124\112}{subsection.2.3}% 16
\BOOKMARK [2][-]{subsection.2.4}{\376\377\000P\000y\000t\000h\000o\000n\000\040\116\016\000\040\000P\000y\000T\000o\000r\000c\000h}{section.2}% 17
\BOOKMARK [3][-]{subsubsection.2.4.1}{\376\377\000P\000y\000T\000o\000r\000c\000h\000\040\137\040\221\317\166\204\122\033\136\372\116\016\217\320\173\227}{subsection.2.4}% 18
\BOOKMARK [3][-]{subsubsection.2.4.2}{\376\377\201\352\122\250\154\102\133\374\116\016\150\257\136\246\156\005\226\366}{subsection.2.4}% 19
\BOOKMARK [3][-]{subsubsection.2.4.3}{\376\377\165\050\000\040\000n\000n\000.\000L\000i\000n\000e\000a\000r\000\040\144\055\136\372\147\000\134\017\213\255\176\303\137\252\163\257}{subsection.2.4}% 20
\BOOKMARK [1][-]{section.3}{\376\377\141\037\140\237}{}% 21
